{"AkzoNobel Coatings, Inc":[{"username":"uat_ZURTfUWQ@rally.mailinator.com","password":"Testing123!"},{"username":"uat_bnxbxroj@rally.mailinator.com","password":"Testing123!","rewardPlanName":"2021.01.01_AkzoNobel_Aff3_HSA"},{"username":"uat_bnxbxroj@rally.mailinator.com","password":"Testing123!","rewardPlanName":"2021.01.01_AkzoNobel_Aff2_HRA"}]}