{"Bluegreen":[{"username":"uat_ZURTfUWQ@rally.mailinator.com","password":"Testing123!"},{"username":"UAT_BGVC_AFF02A@mailinator.com","password":"Testing123!","rewardPlanName":"2021.01.01_Bluegreen_Aff2_GIFT","activities":[{"ctaAction":"Rally Internal Link","ctaValue":"Link to Survey","rewardActID":"OPTUM.HEALTHSURVEY.COMPLETE","chkCT":"Not Checked"},{"ctaAction":"SSO","ctaValue":"SSO to Quest","rewardActID":"OPTUM.BIOSCREEN.COMPLETE","chkCT":"Not Checked"},{"ctaAction":"Rally Internal Link","ctaValue":"Link to Rally Missions","rewardActID":"OPTUM.3MISSIONS.COMPLETE","chkCT":"Not Checked"},{"ctaAction":"External URL","ctaValue":"https://realappeal.com/new-member?utm_source=referral&utm_medium=email&utm_campaign=bluegreen","rewardActID":"REALAPPEAL.COMPLETE","chkCT":"Checked"}]}]}