{"AkzoNobel Coatings, Inc":{"username":"PROD_ANC_AUM_AFF1a@mailinator.com","password":"Testing123!","contactNumber":"Optum Support Standard (1-877-818-5826)"},"GEHA":{"username":"PROD_GEHA_AUM_AFF1a@mailinator.com","password":"Testing123!","contactNumber":"8883374418"}}